// Jest Snapshot v1, https://goo.gl/fbAQLP

exports[`Characters loads 1`] = `
<div
  className="flex gap-4 flex-col"
>
  <div
    className="sticky self-start top-0 bg-gray-900 w-full p-2"
  >
    <label>
      t(list.filter)
       
      <input
        onChange={[Function]}
        value=""
      />
    </label>
  </div>
  t(loading)
</div>
`;

exports[`Characters mounts 1`] = `
<div
  className="flex gap-4 flex-col"
>
  <div
    className="sticky self-start top-0 bg-gray-900 w-full p-2"
  >
    <label>
      t(list.filter)
       
      <input
        onChange={[Function]}
        value=""
      />
    </label>
  </div>
  <React.Fragment>
    <Link
      to="/character/__character_1_id__"
    >
      <figure
        aria-selected={false}
        className="flex gap-4 flex-row bg-gray-900"
      >
        <img
          alt=""
          className="object-cover max-h-24 max-w-24"
          src="__character_1_image__"
        />
        <figcaption
          className="flex-grow"
        >
          <h2
            className="text-lg font-bold text-primary"
          >
            __character_1_name__
          </h2>
          <section>
            <span
              aria-description="t(character.status)"
              className="inline-block rounded-full w-2 h-2 __character_1_status_color__"
            />
             
            t(character.status.__character_1_status__)
             - 
            __character_1_species__
          </section>
          <section>
            <h3
              className="text-secondary"
            >
              t(location.name)
            </h3>
            __character_1_location_name__
          </section>
          <section>
            <h3
              className="text-secondary"
            >
              t(episode.first.name)
            </h3>
            __character_1_episode_name__
          </section>
        </figcaption>
      </figure>
    </Link>
    <Link
      to="/character/__character_2_id__"
    >
      <figure
        aria-selected={false}
        className="flex gap-4 flex-row bg-gray-900"
      >
        <img
          alt=""
          className="object-cover max-h-24 max-w-24"
          src="__character_2_image__"
        />
        <figcaption
          className="flex-grow"
        >
          <h2
            className="text-lg font-bold text-primary"
          >
            __character_2_name__
          </h2>
          <section>
            <span
              aria-description="t(character.status)"
              className="inline-block rounded-full w-2 h-2 __character_1_status_color__"
            />
             
            t(character.status.__character_2_status__)
             - 
            __character_2_species__
          </section>
          <section>
            <h3
              className="text-secondary"
            >
              t(location.name)
            </h3>
            __character_2_location_name__
          </section>
          <section>
            <h3
              className="text-secondary"
            >
              t(episode.first.name)
            </h3>
            __character_2_episode_name__
          </section>
        </figcaption>
      </figure>
    </Link>
    <Link
      to="/character/__character_3_id__"
    >
      <figure
        aria-selected={false}
        className="flex gap-4 flex-row bg-gray-900"
      >
        <img
          alt=""
          className="object-cover max-h-24 max-w-24"
          src="__character_3_image__"
        />
        <figcaption
          className="flex-grow"
        >
          <h2
            className="text-lg font-bold text-primary"
          >
            __character_3_name__
          </h2>
          <section>
            <span
              aria-description="t(character.status)"
              className="inline-block rounded-full w-2 h-2 __character_1_status_color__"
            />
             
            t(character.status.__character_3_status__)
             - 
            __character_3_species__
          </section>
          <section>
            <h3
              className="text-secondary"
            >
              t(location.name)
            </h3>
            __character_3_location_name__
          </section>
          <section>
            <h3
              className="text-secondary"
            >
              t(episode.first.name)
            </h3>
            __character_3_episode_name__
          </section>
        </figcaption>
      </figure>
    </Link>
    <div>
      <button
        onClick={[Function]}
      >
        t(list.loadMore)
      </button>
    </div>
  </React.Fragment>
</div>
`;
