// Jest Snapshot v1, https://goo.gl/fbAQLP

exports[`ErrorPage mounts 1`] = `
<main>
  <h1>
    t(error.title)
  </h1>
  <p>
    t(error.body)
  </p>
</main>
`;
